// Jest Snapshot v1, https://goo.gl/fbAQLP

exports[`tokenizer with or without location is equal 1`] = `"(program (class_declaration (identifier) (class_body (method_definition (property_identifier) (formal_parameters (identifier) (identifier)) (statement_block (expression_statement (assignment_expression (member_expression (this) (property_identifier)) (binary_expression (identifier) (array (spread_element (call_expression (member_expression (new_expression (identifier) (arguments (number))) (property_identifier)) (arguments))))))) (if_statement (parenthesized_expression (binary_expression (member_expression (member_expression (this) (property_identifier)) (property_identifier)) (number))) (statement_block (throw_statement (string)))) (for_statement (lexical_declaration (variable_declarator (identifier) (number))) (expression_statement (binary_expression (identifier) (number))) (update_expression (identifier)) (statement_block (if_statement (parenthesized_expression (unary_expression (call_expression (member_expression (member_expression (this) (property_identifier)) (property_identifier)) (arguments (identifier))))) (statement_block (throw_statement (string)))))) (expression_statement (assignment_expression (member_expression (this) (property_identifier)) (binary_expression (identifier) (parenthesized_expression (arrow_function (formal_parameters (identifier) (identifier)) (binary_expression (parenthesized_expression (binary_expression (identifier) (identifier))) (number))))))))) (method_definition (property_identifier) (formal_parameters (identifier)) (statement_block (lexical_declaration (variable_declarator (identifier) (number))) (for_of_statement (identifier) (identifier) (statement_block (expression_statement (assignment_expression (identifier) (subscript_expression (member_expression (this) (property_identifier)) (call_expression (member_expression (this) (property_identifier)) (arguments (identifier) (call_expression (member_expression (identifier) (property_identifier)) (arguments (number)))))))))) (return_statement (identifier)))))) (class_declaration (identifier) (class_body (method_definition (property_identifier) (formal_parameters (identifier) (identifier) (identifier)) (statement_block (expression_statement (assignment_expression (member_expression (this) (property_identifier)) (binary_expression (identifier) (new_expression (identifier) (arguments))))) (expression_statement (assignment_expression (member_expression (this) (property_identifier)) (binary_expression (identifier) (null)))) (expression_statement (assignment_expression (member_expression (this) (property_identifier)) (binary_expression (identifier) (string)))) (expression_statement (assignment_expression (member_expression (this) (property_identifier)) (call_expression (member_expression (member_expression (this) (property_identifier)) (property_identifier)) (arguments (template_string (template_substitution (member_expression (this) (property_identifier))) (template_substitution (member_expression (this) (property_identifier))) (template_substitution (member_expression (this) (property_identifier)))))))))) (method_definition (property_identifier) (formal_parameters (identifier)) (statement_block (throw_statement (string)))) (method_definition (property_identifier) (formal_parameters) (statement_block (return_statement (ternary_expression (member_expression (this) (property_identifier)) (binary_expression (member_expression (member_expression (this) (property_identifier)) (property_identifier)) (number)) (number))))) (method_definition (property_identifier) (formal_parameters (identifier)) (statement_block (throw_statement (string)))) (method_definition (property_identifier) (formal_parameters) (statement_block (return_statement (ternary_expression (member_expression (this) (property_identifier)) (member_expression (member_expression (this) (property_identifier)) (property_identifier)) (number))))) (method_definition (property_identifier) (formal_parameters (identifier)) (statement_block (return_statement (new_expression (identifier) (arguments (member_expression (this) (property_identifier)) (this) (identifier)))))) (method_definition (property_identifier) (formal_parameters) (statement_block (return_statement (parenthesized_expression (binary_expression (parenthesized_expression (binary_expression (unary_expression (member_expression (this) (property_identifier))) (call_expression (member_expression (member_expression (this) (property_identifier)) (property_identifier)) (arguments)))) (binary_expression (member_expression (this) (property_identifier)) (call_expression (member_expression (member_expression (this) (property_identifier)) (property_identifier)) (arguments (template_string (template_substitution (member_expression (this) (property_identifier))) (template_substitution (member_expression (this) (property_identifier))) (template_substitution (member_expression (this) (property_identifier)))))))))))))))"`;

exports[`tokenizer with or without location is equal 2`] = `
Array [
  0,
  0,
  0,
  0,
  0,
  0,
  0,
  0,
  0,
  0,
  0,
  0,
  0,
  0,
  0,
  0,
  0,
  0,
  0,
  0,
  0,
  0,
  0,
  0,
  0,
  0,
  0,
  0,
  0,
  0,
  0,
  0,
  0,
  0,
  0,
  0,
  0,
  0,
  0,
  0,
  0,
  0,
  0,
  0,
  0,
  0,
  0,
  0,
  0,
  0,
  0,
  0,
  0,
  1,
  1,
  1,
  1,
  1,
  1,
  1,
  1,
  1,
  1,
  1,
  1,
  1,
  1,
  1,
  1,
  1,
  1,
  1,
  1,
  1,
  1,
  1,
  1,
  1,
  1,
  1,
  1,
  1,
  1,
  1,
  1,
  1,
  1,
  1,
  1,
  1,
  1,
  1,
  1,
  1,
  1,
  1,
  1,
  1,
  1,
  1,
  1,
  1,
  1,
  1,
  1,
  1,
  1,
  1,
  1,
  1,
  1,
  1,
  1,
  1,
  1,
  1,
  1,
  1,
  1,
  1,
  1,
  1,
  1,
  1,
  1,
  1,
  1,
  1,
  1,
  1,
  1,
  1,
  1,
  1,
  1,
  1,
  1,
  1,
  1,
  1,
  1,
  1,
  1,
  1,
  1,
  1,
  1,
  1,
  1,
  1,
  1,
  1,
  1,
  1,
  1,
  1,
  1,
  2,
  2,
  2,
  2,
  2,
  2,
  2,
  2,
  2,
  2,
  2,
  2,
  2,
  2,
  2,
  2,
  2,
  2,
  2,
  2,
  2,
  2,
  2,
  2,
  2,
  2,
  2,
  2,
  2,
  2,
  2,
  2,
  2,
  2,
  2,
  2,
  2,
  2,
  2,
  2,
  2,
  2,
  2,
  2,
  2,
  2,
  2,
  2,
  2,
  2,
  2,
  2,
  2,
  2,
  2,
  2,
  2,
  2,
  2,
  2,
  2,
  2,
  2,
  2,
  2,
  2,
  2,
  2,
  2,
  2,
  2,
  2,
  2,
  2,
  2,
  2,
  2,
  2,
  2,
  2,
  2,
  2,
  2,
  2,
  2,
  2,
  2,
  2,
  2,
  2,
  2,
  2,
  2,
  2,
  2,
  2,
  2,
  2,
  2,
  2,
  2,
  2,
  2,
  2,
  2,
  2,
  2,
  2,
  2,
  2,
  2,
  2,
  2,
  2,
  2,
  2,
  2,
  2,
  2,
  2,
  2,
  2,
  2,
  2,
  2,
  2,
  2,
  2,
  2,
  2,
  2,
  2,
  2,
  2,
  2,
  2,
  2,
  2,
  2,
  2,
  2,
  2,
  2,
  2,
  2,
  2,
  2,
  2,
  2,
  2,
  2,
  2,
  2,
  2,
  2,
  2,
  2,
  2,
  2,
  2,
  2,
  2,
  2,
  2,
  2,
  2,
  2,
  2,
  2,
  2,
  2,
  2,
  2,
  2,
  2,
  2,
  2,
  2,
  2,
  2,
  2,
  2,
  2,
  2,
  2,
  2,
  2,
  2,
  2,
  2,
  2,
  2,
  2,
  2,
  2,
  2,
  2,
  2,
  2,
  2,
  2,
  2,
  2,
  2,
  2,
  2,
  2,
  2,
  2,
  2,
  2,
  2,
  2,
  2,
  2,
  2,
  2,
  2,
  2,
  2,
  2,
  2,
  2,
  2,
  2,
  2,
  2,
  2,
  2,
  2,
  2,
  2,
  2,
  2,
  2,
  2,
  2,
  2,
  2,
  2,
  2,
  2,
  2,
  2,
  2,
  2,
  2,
  2,
  2,
  2,
  2,
  2,
  2,
  2,
  2,
  2,
  2,
  2,
  2,
  2,
  2,
  2,
  2,
  2,
  2,
  2,
  2,
  2,
  2,
  2,
  2,
  2,
  2,
  2,
  2,
  2,
  1,
  3,
  3,
  3,
  3,
  3,
  3,
  3,
  3,
  3,
  3,
  3,
  3,
  3,
  3,
  3,
  3,
  3,
  3,
  3,
  3,
  3,
  3,
  3,
  3,
  3,
  3,
  3,
  3,
  3,
  3,
  3,
  3,
  3,
  3,
  3,
  3,
  3,
  3,
  3,
  3,
  3,
  3,
  3,
  3,
  3,
  3,
  3,
  3,
  3,
  3,
  3,
  3,
  3,
  3,
  3,
  3,
  3,
  3,
  3,
  3,
  3,
  3,
  3,
  3,
  3,
  3,
  3,
  3,
  3,
  3,
  3,
  3,
  3,
  3,
  3,
  3,
  3,
  3,
  3,
  3,
  3,
  3,
  3,
  3,
  3,
  3,
  3,
  3,
  3,
  3,
  3,
  3,
  3,
  3,
  3,
  3,
  3,
  3,
  3,
  3,
  3,
  3,
  3,
  3,
  3,
  3,
  3,
  3,
  3,
  3,
  3,
  3,
  3,
  3,
  3,
  3,
  3,
  3,
  3,
  3,
  3,
  3,
  3,
  3,
  3,
  3,
  3,
  3,
  3,
  3,
  3,
  3,
  3,
  3,
  3,
  3,
  3,
  3,
  3,
  3,
  3,
  3,
  3,
  3,
  3,
  3,
  3,
  3,
  3,
  3,
  3,
  3,
  3,
  3,
  3,
  3,
  3,
  3,
  3,
  3,
  3,
  3,
  3,
  3,
  3,
  3,
  3,
  3,
  3,
  3,
  3,
  3,
  3,
  3,
  3,
  3,
  3,
  3,
  4,
  4,
  4,
  4,
  4,
  4,
  4,
  4,
  4,
  4,
  4,
  4,
  4,
  4,
  4,
  4,
  4,
  4,
  4,
  4,
  4,
  4,
  4,
  4,
  4,
  4,
  3,
  3,
  1,
  6,
  6,
  6,
  6,
  6,
  6,
  6,
  6,
  6,
  6,
  6,
  6,
  6,
  6,
  6,
  6,
  6,
  6,
  6,
  6,
  6,
  6,
  6,
  6,
  6,
  6,
  6,
  6,
  6,
  6,
  6,
  6,
  6,
  6,
  6,
  6,
  6,
  6,
  6,
  6,
  6,
  6,
  6,
  6,
  6,
  6,
  6,
  6,
  6,
  6,
  6,
  6,
  6,
  6,
  6,
  6,
  6,
  6,
  6,
  6,
  6,
  6,
  6,
  6,
  6,
  6,
  6,
  6,
  6,
  6,
  6,
  6,
  6,
  6,
  6,
  6,
  6,
  6,
  6,
  6,
  6,
  6,
  6,
  6,
  6,
  6,
  6,
  6,
  6,
  6,
  6,
  6,
  6,
  6,
  6,
  6,
  6,
  6,
  6,
  6,
  6,
  6,
  6,
  6,
  6,
  6,
  6,
  6,
  6,
  6,
  6,
  6,
  6,
  6,
  6,
  6,
  6,
  6,
  6,
  6,
  6,
  6,
  6,
  6,
  6,
  6,
  6,
  6,
  6,
  6,
  6,
  6,
  6,
  6,
  6,
  6,
  6,
  6,
  6,
  6,
  6,
  6,
  6,
  6,
  6,
  6,
  6,
  6,
  6,
  6,
  6,
  6,
  6,
  6,
  6,
  6,
  6,
  6,
  6,
  6,
  6,
  6,
  6,
  6,
  6,
  6,
  6,
  6,
  6,
  6,
  6,
  6,
  6,
  6,
  6,
  6,
  6,
  6,
  6,
  6,
  6,
  6,
  6,
  6,
  6,
  6,
  6,
  6,
  6,
  6,
  6,
  6,
  6,
  6,
  6,
  6,
  7,
  7,
  7,
  7,
  7,
  7,
  7,
  7,
  7,
  7,
  7,
  7,
  7,
  7,
  7,
  7,
  7,
  7,
  7,
  7,
  7,
  7,
  7,
  7,
  7,
  7,
  7,
  7,
  7,
  7,
  7,
  7,
  7,
  7,
  7,
  7,
  7,
  7,
  7,
  7,
  7,
  7,
  7,
  7,
  7,
  7,
  7,
  7,
  7,
  7,
  7,
  7,
  7,
  7,
  7,
  7,
  7,
  7,
  7,
  7,
  7,
  7,
  7,
  7,
  7,
  7,
  7,
  7,
  7,
  7,
  7,
  7,
  7,
  7,
  7,
  7,
  7,
  7,
  7,
  7,
  7,
  7,
  7,
  7,
  7,
  7,
  7,
  7,
  7,
  7,
  7,
  7,
  7,
  7,
  7,
  7,
  7,
  7,
  7,
  7,
  7,
  7,
  7,
  7,
  7,
  7,
  7,
  7,
  7,
  7,
  7,
  7,
  7,
  7,
  7,
  7,
  7,
  7,
  7,
  7,
  7,
  7,
  7,
  7,
  7,
  7,
  7,
  7,
  7,
  7,
  7,
  7,
  7,
  7,
  7,
  7,
  7,
  7,
  7,
  7,
  7,
  7,
  7,
  7,
  7,
  7,
  7,
  7,
  7,
  7,
  7,
  7,
  7,
  7,
  7,
  7,
  7,
  7,
  7,
  7,
  7,
  7,
  7,
  7,
  7,
  7,
  7,
  7,
  7,
  7,
  7,
  7,
  7,
  7,
  7,
  7,
  7,
  7,
  7,
  7,
  7,
  7,
  7,
  7,
  7,
  7,
  7,
  7,
  7,
  7,
  7,
  7,
  7,
  7,
  7,
  7,
  7,
  7,
  7,
  7,
  7,
  7,
  7,
  7,
  7,
  7,
  7,
  7,
  7,
  7,
  7,
  8,
  8,
  8,
  8,
  8,
  8,
  8,
  8,
  8,
  8,
  8,
  8,
  8,
  8,
  8,
  8,
  8,
  8,
  8,
  8,
  8,
  8,
  8,
  8,
  8,
  8,
  7,
  7,
  6,
  6,
  1,
  11,
  11,
  11,
  11,
  11,
  11,
  11,
  11,
  11,
  11,
  11,
  11,
  11,
  11,
  11,
  11,
  11,
  11,
  11,
  11,
  11,
  11,
  11,
  11,
  11,
  11,
  11,
  11,
  11,
  11,
  11,
  11,
  11,
  11,
  11,
  11,
  11,
  11,
  11,
  11,
  11,
  11,
  11,
  11,
  11,
  11,
  11,
  11,
  11,
  11,
  11,
  11,
  11,
  11,
  11,
  11,
  11,
  11,
  11,
  11,
  11,
  11,
  11,
  11,
  11,
  11,
  11,
  11,
  11,
  11,
  11,
  11,
  11,
  11,
  11,
  11,
  11,
  11,
  11,
  11,
  11,
  11,
  11,
  11,
  11,
  11,
  11,
  11,
  11,
  11,
  11,
  11,
  11,
  11,
  11,
  11,
  11,
  11,
  11,
  11,
  11,
  11,
  11,
  11,
  11,
  11,
  11,
  11,
  11,
  11,
  11,
  11,
  11,
  11,
  11,
  11,
  11,
  11,
  11,
  11,
  11,
  11,
  11,
  11,
  11,
  11,
  11,
  11,
  11,
  11,
  11,
  11,
  11,
  11,
  11,
  11,
  11,
  11,
  11,
  11,
  11,
  11,
  11,
  11,
  11,
  11,
  11,
  11,
  11,
  11,
  11,
  11,
  11,
  11,
  11,
  11,
  11,
  11,
  11,
  11,
  11,
  11,
  11,
  11,
  11,
  11,
  11,
  11,
  11,
  11,
  11,
  11,
  11,
  11,
  11,
  11,
  11,
  11,
  11,
  11,
  11,
  11,
  11,
  11,
  11,
  11,
  11,
  11,
  11,
  11,
  11,
  11,
  11,
  11,
  11,
  11,
  11,
  11,
  11,
  11,
  11,
  11,
  11,
  11,
  11,
  11,
  11,
  11,
  11,
  11,
  11,
  11,
  11,
  11,
  11,
  11,
  11,
  11,
  11,
  11,
  11,
  11,
  11,
  11,
  11,
  11,
  11,
  11,
  11,
  11,
  11,
  11,
  11,
  11,
  11,
  11,
  11,
  11,
  11,
  11,
  11,
  11,
  11,
  11,
  11,
  11,
  11,
  11,
  11,
  11,
  11,
  11,
  11,
  11,
  11,
  11,
  11,
  11,
  11,
  11,
  11,
  11,
  11,
  11,
  11,
  11,
  11,
  11,
  11,
  11,
  11,
  11,
  11,
  11,
  11,
  11,
  11,
  11,
  11,
  11,
  11,
  11,
  11,
  11,
  11,
  11,
  11,
  11,
  11,
  11,
  11,
  11,
  11,
  11,
  11,
  11,
  11,
  11,
  11,
  11,
  11,
  11,
  11,
  11,
  11,
  11,
  11,
  11,
  11,
  11,
  11,
  11,
  11,
  11,
  11,
  11,
  11,
  11,
  11,
  11,
  1,
  1,
  0,
  14,
  14,
  14,
  14,
  14,
  14,
  14,
  14,
  14,
  14,
  14,
  14,
  14,
  14,
  14,
  14,
  14,
  14,
  14,
  14,
  14,
  14,
  14,
  14,
  14,
  14,
  14,
  14,
  14,
  14,
  14,
  14,
  14,
  14,
  14,
  14,
  14,
  14,
  14,
  14,
  14,
  14,
  14,
  14,
  14,
  14,
  14,
  14,
  14,
  14,
  14,
  14,
  14,
  14,
  14,
  14,
  14,
  14,
  14,
  14,
  14,
  14,
  14,
  14,
  14,
  14,
  14,
  14,
  14,
  14,
  14,
  14,
  14,
  14,
  14,
  14,
  14,
  14,
  14,
  14,
  14,
  14,
  14,
  14,
  14,
  14,
  14,
  14,
  14,
  14,
  14,
  15,
  15,
  15,
  15,
  15,
  15,
  15,
  15,
  15,
  15,
  15,
  15,
  15,
  15,
  15,
  15,
  15,
  15,
  15,
  15,
  15,
  15,
  15,
  15,
  15,
  15,
  15,
  15,
  15,
  15,
  15,
  15,
  15,
  15,
  15,
  15,
  15,
  15,
  15,
  15,
  15,
  15,
  15,
  15,
  15,
  15,
  15,
  15,
  15,
  15,
  15,
  15,
  15,
  15,
  15,
  15,
  15,
  15,
  15,
  15,
  15,
  15,
  15,
  15,
  15,
  14,
  16,
  16,
  16,
  16,
  16,
  16,
  16,
  16,
  16,
  16,
  16,
  16,
  16,
  16,
  16,
  16,
  16,
  16,
  16,
  16,
  16,
  16,
  16,
  16,
  16,
  16,
  16,
  16,
  16,
  16,
  16,
  16,
  16,
  16,
  16,
  16,
  16,
  16,
  16,
  16,
  16,
  16,
  16,
  16,
  16,
  16,
  16,
  16,
  16,
  16,
  16,
  16,
  16,
  16,
  16,
  16,
  16,
  16,
  16,
  16,
  16,
  17,
  17,
  17,
  17,
  17,
  17,
  17,
  17,
  17,
  17,
  17,
  17,
  17,
  17,
  17,
  17,
  17,
  17,
  17,
  17,
  17,
  17,
  17,
  17,
  17,
  17,
  17,
  17,
  17,
  17,
  17,
  17,
  17,
  17,
  17,
  17,
  17,
  17,
  17,
  17,
  17,
  17,
  17,
  17,
  17,
  17,
  17,
  17,
  17,
  17,
  17,
  17,
  17,
  17,
  17,
  17,
  17,
  17,
  17,
  17,
  17,
  17,
  17,
  17,
  17,
  17,
  17,
  17,
  17,
  17,
  17,
  17,
  17,
  17,
  17,
  17,
  17,
  17,
  17,
  17,
  17,
  17,
  17,
  17,
  17,
  17,
  17,
  17,
  17,
  17,
  17,
  17,
  17,
  17,
  17,
  17,
  17,
  17,
  17,
  17,
  17,
  17,
  17,
  17,
  17,
  17,
  17,
  17,
  17,
  17,
  17,
  17,
  17,
  17,
  17,
  17,
  17,
  17,
  17,
  17,
  17,
  17,
  17,
  17,
  17,
  17,
  17,
  17,
  17,
  17,
  17,
  17,
  17,
  17,
  17,
  17,
  17,
  17,
  17,
  17,
  17,
  17,
  17,
  17,
  17,
  17,
  17,
  17,
  17,
  17,
  17,
  17,
  17,
  17,
  17,
  17,
  17,
  17,
  17,
  17,
  17,
  17,
  17,
  17,
  17,
  17,
  17,
  17,
  17,
  17,
  17,
  17,
  17,
  17,
  17,
  17,
  17,
  17,
  17,
  17,
  17,
  17,
  17,
  17,
  17,
  17,
  17,
  17,
  17,
  17,
  17,
  17,
  17,
  17,
  17,
  17,
  17,
  17,
  17,
  17,
  17,
  17,
  17,
  17,
  17,
  17,
  17,
  17,
  17,
  17,
  17,
  17,
  17,
  17,
  17,
  17,
  17,
  17,
  17,
  17,
  17,
  17,
  17,
  17,
  17,
  17,
  17,
  17,
  17,
  17,
  17,
  17,
  17,
  17,
  17,
  17,
  17,
  17,
  17,
  17,
  17,
  17,
  17,
  17,
  17,
  17,
  17,
  17,
  17,
  17,
  17,
  17,
  17,
  17,
  17,
  17,
  17,
  17,
  17,
  17,
  17,
  17,
  17,
  17,
  17,
  17,
  17,
  17,
  17,
  17,
  17,
  17,
  17,
  17,
  17,
  17,
  17,
  17,
  17,
  17,
  17,
  17,
  17,
  17,
  17,
  17,
  17,
  17,
  17,
  17,
  17,
  17,
  17,
  17,
  17,
  17,
  17,
  17,
  17,
  17,
  17,
  17,
  17,
  17,
  17,
  17,
  17,
  17,
  17,
  17,
  17,
  17,
  17,
  17,
  17,
  17,
  17,
  16,
  16,
  14,
  19,
  19,
  19,
  19,
  19,
  19,
  19,
  19,
  19,
  19,
  19,
  19,
  19,
  19,
  19,
  19,
  19,
  19,
  19,
  19,
  19,
  19,
  19,
  19,
  19,
  19,
  19,
  19,
  19,
  19,
  19,
  14,
  14,
  0,
  0,
  0,
  23,
  23,
  23,
  23,
  23,
  23,
  23,
  23,
  23,
  23,
  23,
  23,
  23,
  23,
  23,
  23,
  23,
  23,
  23,
  23,
  23,
  23,
  23,
  23,
  23,
  23,
  23,
  23,
  23,
  23,
  23,
  23,
  23,
  23,
  23,
  23,
  23,
  23,
  23,
  23,
  23,
  23,
  23,
  23,
  24,
  24,
  24,
  24,
  24,
  24,
  24,
  24,
  24,
  24,
  24,
  24,
  24,
  24,
  24,
  24,
  24,
  24,
  24,
  24,
  24,
  24,
  24,
  24,
  24,
  24,
  24,
  24,
  24,
  24,
  24,
  24,
  24,
  24,
  24,
  24,
  24,
  24,
  24,
  24,
  24,
  24,
  24,
  24,
  24,
  24,
  24,
  24,
  24,
  24,
  24,
  24,
  24,
  24,
  24,
  24,
  24,
  24,
  24,
  24,
  24,
  24,
  24,
  24,
  24,
  24,
  24,
  24,
  24,
  24,
  24,
  24,
  24,
  24,
  24,
  24,
  24,
  24,
  24,
  24,
  24,
  24,
  24,
  24,
  24,
  24,
  24,
  24,
  24,
  24,
  24,
  24,
  24,
  24,
  24,
  24,
  24,
  24,
  24,
  24,
  24,
  24,
  24,
  24,
  24,
  24,
  24,
  24,
  24,
  24,
  24,
  24,
  24,
  24,
  24,
  24,
  24,
  25,
  25,
  25,
  25,
  25,
  25,
  25,
  25,
  25,
  25,
  25,
  25,
  25,
  25,
  25,
  25,
  25,
  25,
  25,
  25,
  25,
  25,
  25,
  25,
  25,
  25,
  25,
  25,
  25,
  25,
  25,
  25,
  25,
  25,
  25,
  25,
  25,
  25,
  25,
  25,
  25,
  25,
  25,
  25,
  25,
  25,
  25,
  25,
  25,
  25,
  25,
  25,
  25,
  25,
  25,
  25,
  25,
  25,
  25,
  25,
  25,
  25,
  25,
  25,
  25,
  25,
  25,
  25,
  25,
  25,
  25,
  25,
  25,
  25,
  25,
  25,
  25,
  25,
  25,
  25,
  25,
  25,
  25,
  25,
  25,
  25,
  25,
  25,
  25,
  25,
  25,
  25,
  25,
  25,
  25,
  25,
  25,
  25,
  25,
  25,
  25,
  25,
  25,
  25,
  25,
  25,
  25,
  25,
  25,
  25,
  25,
  25,
  25,
  25,
  25,
  25,
  25,
  25,
  25,
  25,
  25,
  25,
  25,
  25,
  25,
  25,
  25,
  25,
  25,
  25,
  25,
  25,
  25,
  25,
  25,
  25,
  25,
  25,
  25,
  25,
  25,
  25,
  25,
  25,
  25,
  25,
  25,
  25,
  25,
  25,
  25,
  25,
  25,
  25,
  25,
  25,
  25,
  25,
  25,
  25,
  25,
  25,
  25,
  25,
  25,
  25,
  25,
  25,
  25,
  25,
  24,
  26,
  26,
  26,
  26,
  26,
  26,
  26,
  26,
  26,
  26,
  26,
  26,
  26,
  26,
  26,
  26,
  26,
  26,
  26,
  26,
  26,
  26,
  26,
  26,
  26,
  26,
  26,
  26,
  26,
  26,
  26,
  26,
  26,
  26,
  26,
  26,
  26,
  26,
  26,
  26,
  26,
  26,
  26,
  26,
  26,
  26,
  26,
  26,
  26,
  26,
  26,
  26,
  26,
  26,
  26,
  26,
  26,
  26,
  26,
  26,
  26,
  26,
  26,
  26,
  26,
  26,
  26,
  26,
  26,
  26,
  26,
  26,
  26,
  26,
  26,
  26,
  26,
  26,
  26,
  26,
  26,
  26,
  26,
  26,
  26,
  26,
  26,
  26,
  26,
  26,
  26,
  26,
  26,
  26,
  26,
  26,
  26,
  26,
  26,
  26,
  26,
  26,
  26,
  26,
  26,
  26,
  26,
  26,
  26,
  26,
  26,
  26,
  26,
  26,
  26,
  26,
  26,
  26,
  26,
  26,
  26,
  26,
  26,
  26,
  26,
  26,
  26,
  26,
  26,
  26,
  26,
  26,
  26,
  26,
  26,
  24,
  27,
  27,
  27,
  27,
  27,
  27,
  27,
  27,
  27,
  27,
  27,
  27,
  27,
  27,
  27,
  27,
  27,
  27,
  27,
  27,
  27,
  27,
  27,
  27,
  27,
  27,
  27,
  27,
  27,
  27,
  27,
  27,
  27,
  27,
  27,
  27,
  27,
  27,
  27,
  27,
  27,
  27,
  27,
  27,
  27,
  27,
  27,
  27,
  27,
  27,
  27,
  27,
  27,
  27,
  27,
  27,
  27,
  27,
  27,
  27,
  27,
  27,
  27,
  27,
  27,
  27,
  27,
  27,
  27,
  27,
  27,
  27,
  27,
  27,
  27,
  27,
  27,
  27,
  27,
  27,
  27,
  27,
  27,
  27,
  27,
  27,
  27,
  27,
  27,
  27,
  27,
  27,
  27,
  27,
  27,
  27,
  27,
  27,
  27,
  27,
  27,
  27,
  27,
  27,
  27,
  27,
  27,
  27,
  27,
  27,
  27,
  27,
  27,
  27,
  27,
  27,
  27,
  27,
  27,
  27,
  27,
  27,
  27,
  27,
  27,
  27,
  27,
  27,
  27,
  27,
  27,
  27,
  27,
  27,
  27,
  27,
  27,
  24,
  28,
  28,
  28,
  28,
  28,
  28,
  28,
  28,
  28,
  28,
  28,
  28,
  28,
  28,
  28,
  28,
  28,
  28,
  28,
  28,
  28,
  28,
  28,
  28,
  28,
  28,
  28,
  28,
  28,
  28,
  28,
  28,
  28,
  28,
  28,
  28,
  28,
  28,
  28,
  28,
  28,
  28,
  28,
  28,
  28,
  28,
  28,
  28,
  28,
  28,
  28,
  28,
  28,
  28,
  28,
  28,
  28,
  28,
  28,
  28,
  28,
  28,
  28,
  28,
  28,
  28,
  28,
  28,
  28,
  28,
  28,
  28,
  28,
  28,
  28,
  28,
  28,
  28,
  28,
  28,
  28,
  28,
  28,
  28,
  28,
  28,
  28,
  28,
  28,
  28,
  28,
  28,
  28,
  28,
  28,
  28,
  28,
  28,
  28,
  28,
  28,
  28,
  28,
  28,
  28,
  28,
  28,
  28,
  28,
  28,
  28,
  28,
  28,
  28,
  28,
  28,
  28,
  28,
  28,
  28,
  28,
  28,
  28,
  28,
  28,
  28,
  28,
  28,
  28,
  28,
  28,
  28,
  28,
  28,
  28,
  28,
  28,
  28,
  28,
  28,
  28,
  28,
  28,
  28,
  28,
  28,
  28,
  28,
  28,
  28,
  28,
  28,
  28,
  28,
  28,
  28,
  28,
  28,
  28,
  28,
  28,
  28,
  28,
  28,
  28,
  28,
  28,
  28,
  28,
  28,
  28,
  28,
  28,
  28,
  28,
  28,
  28,
  28,
  28,
  28,
  28,
  28,
  28,
  28,
  28,
  28,
  28,
  28,
  28,
  28,
  28,
  28,
  28,
  28,
  28,
  28,
  28,
  28,
  28,
  28,
  28,
  28,
  28,
  28,
  28,
  28,
  28,
  28,
  28,
  28,
  28,
  28,
  28,
  28,
  28,
  28,
  28,
  28,
  28,
  28,
  28,
  28,
  28,
  28,
  28,
  28,
  28,
  28,
  28,
  28,
  28,
  28,
  28,
  28,
  28,
  28,
  28,
  28,
  28,
  28,
  28,
  28,
  28,
  28,
  28,
  28,
  28,
  28,
  28,
  28,
  28,
  28,
  28,
  28,
  28,
  28,
  28,
  28,
  28,
  28,
  28,
  28,
  28,
  28,
  28,
  28,
  28,
  28,
  28,
  28,
  28,
  28,
  28,
  28,
  28,
  28,
  28,
  28,
  28,
  28,
  28,
  28,
  28,
  28,
  28,
  28,
  28,
  28,
  28,
  28,
  28,
  28,
  28,
  28,
  28,
  28,
  28,
  28,
  28,
  28,
  28,
  28,
  28,
  28,
  28,
  28,
  28,
  28,
  28,
  28,
  28,
  28,
  28,
  28,
  28,
  28,
  28,
  28,
  28,
  28,
  28,
  28,
  28,
  28,
  28,
  28,
  28,
  28,
  28,
  28,
  28,
  28,
  28,
  28,
  28,
  28,
  28,
  28,
  28,
  28,
  28,
  28,
  28,
  28,
  28,
  28,
  28,
  28,
  28,
  28,
  28,
  28,
  28,
  28,
  28,
  28,
  28,
  28,
  28,
  28,
  28,
  28,
  28,
  28,
  28,
  28,
  28,
  28,
  28,
  28,
  28,
  28,
  28,
  28,
  28,
  28,
  28,
  28,
  28,
  28,
  28,
  28,
  28,
  28,
  28,
  28,
  28,
  28,
  28,
  28,
  28,
  28,
  28,
  28,
  28,
  28,
  28,
  28,
  28,
  28,
  28,
  28,
  28,
  28,
  28,
  28,
  28,
  28,
  28,
  28,
  28,
  28,
  28,
  28,
  28,
  28,
  28,
  28,
  28,
  28,
  28,
  28,
  28,
  28,
  28,
  28,
  28,
  28,
  28,
  28,
  28,
  28,
  28,
  28,
  28,
  28,
  28,
  28,
  28,
  28,
  28,
  28,
  28,
  28,
  28,
  28,
  28,
  28,
  28,
  28,
  28,
  28,
  28,
  24,
  24,
  23,
  31,
  31,
  31,
  31,
  31,
  31,
  31,
  31,
  31,
  31,
  31,
  31,
  31,
  31,
  31,
  31,
  31,
  31,
  31,
  31,
  31,
  31,
  31,
  31,
  31,
  31,
  31,
  31,
  31,
  31,
  31,
  31,
  31,
  31,
  31,
  31,
  31,
  31,
  31,
  31,
  31,
  31,
  31,
  31,
  31,
  31,
  31,
  31,
  31,
  31,
  31,
  31,
  31,
  31,
  31,
  31,
  31,
  31,
  31,
  31,
  31,
  31,
  31,
  31,
  31,
  31,
  31,
  31,
  31,
  31,
  31,
  31,
  31,
  31,
  31,
  31,
  31,
  31,
  31,
  31,
  31,
  31,
  31,
  31,
  31,
  31,
  31,
  31,
  31,
  31,
  31,
  32,
  32,
  32,
  32,
  32,
  32,
  32,
  32,
  32,
  32,
  32,
  32,
  32,
  32,
  32,
  32,
  32,
  32,
  32,
  32,
  32,
  32,
  32,
  32,
  32,
  32,
  31,
  31,
  23,
  35,
  35,
  35,
  35,
  35,
  35,
  35,
  35,
  35,
  35,
  35,
  35,
  35,
  35,
  35,
  35,
  35,
  35,
  35,
  35,
  35,
  35,
  35,
  35,
  35,
  35,
  35,
  35,
  35,
  35,
  35,
  35,
  35,
  35,
  35,
  35,
  35,
  35,
  35,
  35,
  35,
  35,
  35,
  35,
  35,
  35,
  35,
  35,
  35,
  35,
  35,
  35,
  35,
  35,
  35,
  35,
  35,
  35,
  35,
  35,
  35,
  35,
  35,
  35,
  35,
  35,
  35,
  35,
  35,
  35,
  35,
  35,
  35,
  35,
  35,
  35,
  35,
  35,
  36,
  36,
  36,
  36,
  36,
  36,
  36,
  36,
  36,
  36,
  36,
  36,
  36,
  36,
  36,
  36,
  36,
  36,
  36,
  36,
  36,
  36,
  36,
  36,
  36,
  36,
  36,
  36,
  36,
  36,
  36,
  36,
  36,
  36,
  36,
  36,
  36,
  36,
  36,
  36,
  36,
  36,
  36,
  36,
  36,
  36,
  36,
  36,
  36,
  36,
  36,
  36,
  36,
  36,
  36,
  36,
  36,
  36,
  36,
  36,
  36,
  36,
  36,
  36,
  36,
  36,
  36,
  36,
  36,
  36,
  36,
  36,
  36,
  36,
  36,
  36,
  36,
  36,
  36,
  36,
  36,
  36,
  36,
  36,
  36,
  36,
  36,
  36,
  36,
  36,
  36,
  36,
  36,
  36,
  36,
  36,
  36,
  36,
  36,
  36,
  36,
  36,
  36,
  36,
  36,
  36,
  36,
  36,
  36,
  36,
  36,
  36,
  36,
  36,
  36,
  36,
  36,
  36,
  36,
  36,
  36,
  36,
  36,
  36,
  36,
  36,
  36,
  36,
  36,
  36,
  36,
  36,
  36,
  36,
  36,
  36,
  36,
  36,
  36,
  36,
  36,
  36,
  36,
  36,
  36,
  36,
  36,
  36,
  36,
  36,
  36,
  36,
  36,
  36,
  36,
  36,
  36,
  36,
  36,
  36,
  36,
  36,
  36,
  36,
  36,
  36,
  36,
  36,
  36,
  36,
  36,
  36,
  36,
  36,
  36,
  36,
  36,
  36,
  36,
  36,
  36,
  36,
  36,
  36,
  36,
  36,
  36,
  36,
  36,
  36,
  36,
  36,
  36,
  36,
  36,
  36,
  36,
  36,
  36,
  36,
  36,
  36,
  36,
  36,
  36,
  36,
  36,
  36,
  36,
  36,
  36,
  36,
  36,
  36,
  36,
  36,
  36,
  35,
  35,
  23,
  39,
  39,
  39,
  39,
  39,
  39,
  39,
  39,
  39,
  39,
  39,
  39,
  39,
  39,
  39,
  39,
  39,
  39,
  39,
  39,
  39,
  39,
  39,
  39,
  39,
  39,
  39,
  39,
  39,
  39,
  39,
  39,
  39,
  39,
  39,
  39,
  39,
  39,
  39,
  39,
  39,
  39,
  39,
  39,
  39,
  39,
  39,
  39,
  39,
  39,
  39,
  39,
  39,
  39,
  39,
  39,
  39,
  39,
  39,
  39,
  39,
  39,
  39,
  39,
  39,
  39,
  39,
  39,
  39,
  39,
  39,
  39,
  39,
  39,
  39,
  39,
  39,
  39,
  39,
  39,
  39,
  39,
  39,
  39,
  39,
  39,
  39,
  39,
  39,
  39,
  39,
  40,
  40,
  40,
  40,
  40,
  40,
  40,
  40,
  40,
  40,
  40,
  40,
  40,
  40,
  40,
  40,
  40,
  40,
  40,
  40,
  40,
  40,
  40,
  40,
  40,
  40,
  39,
  39,
  23,
  43,
  43,
  43,
  43,
  43,
  43,
  43,
  43,
  43,
  43,
  43,
  43,
  43,
  43,
  43,
  43,
  43,
  43,
  43,
  43,
  43,
  43,
  43,
  43,
  43,
  43,
  43,
  43,
  43,
  43,
  43,
  43,
  43,
  43,
  43,
  43,
  43,
  43,
  43,
  43,
  43,
  43,
  43,
  43,
  43,
  43,
  43,
  43,
  43,
  43,
  43,
  43,
  43,
  43,
  43,
  43,
  43,
  43,
  43,
  43,
  43,
  43,
  43,
  43,
  43,
  43,
  43,
  43,
  43,
  43,
  43,
  43,
  43,
  43,
  43,
  43,
  43,
  43,
  44,
  44,
  44,
  44,
  44,
  44,
  44,
  44,
  44,
  44,
  44,
  44,
  44,
  44,
  44,
  44,
  44,
  44,
  44,
  44,
  44,
  44,
  44,
  44,
  44,
  44,
  44,
  44,
  44,
  44,
  44,
  44,
  44,
  44,
  44,
  44,
  44,
  44,
  44,
  44,
  44,
  44,
  44,
  44,
  44,
  44,
  44,
  44,
  44,
  44,
  44,
  44,
  44,
  44,
  44,
  44,
  44,
  44,
  44,
  44,
  44,
  44,
  44,
  44,
  44,
  44,
  44,
  44,
  44,
  44,
  44,
  44,
  44,
  44,
  44,
  44,
  44,
  44,
  44,
  44,
  44,
  44,
  44,
  44,
  44,
  44,
  44,
  44,
  44,
  44,
  44,
  44,
  44,
  44,
  44,
  44,
  44,
  44,
  44,
  44,
  44,
  44,
  44,
  44,
  44,
  44,
  44,
  44,
  44,
  44,
  44,
  44,
  44,
  44,
  44,
  44,
  44,
  44,
  44,
  44,
  44,
  44,
  44,
  44,
  44,
  44,
  44,
  44,
  44,
  44,
  44,
  44,
  44,
  44,
  44,
  44,
  44,
  44,
  44,
  44,
  44,
  44,
  44,
  44,
  44,
  44,
  44,
  44,
  44,
  44,
  44,
  44,
  44,
  44,
  44,
  44,
  44,
  44,
  44,
  44,
  44,
  44,
  44,
  44,
  44,
  44,
  44,
  44,
  44,
  44,
  44,
  44,
  44,
  44,
  44,
  44,
  44,
  44,
  44,
  44,
  44,
  44,
  44,
  44,
  44,
  44,
  44,
  44,
  43,
  43,
  23,
  47,
  47,
  47,
  47,
  47,
  47,
  47,
  47,
  47,
  47,
  47,
  47,
  47,
  47,
  47,
  47,
  47,
  47,
  47,
  47,
  47,
  47,
  47,
  47,
  47,
  47,
  47,
  47,
  47,
  47,
  47,
  47,
  47,
  47,
  47,
  47,
  47,
  47,
  47,
  47,
  47,
  47,
  47,
  47,
  47,
  47,
  47,
  47,
  47,
  47,
  47,
  47,
  47,
  47,
  47,
  47,
  47,
  47,
  47,
  47,
  47,
  47,
  47,
  47,
  47,
  47,
  47,
  47,
  47,
  47,
  47,
  47,
  47,
  47,
  47,
  47,
  47,
  47,
  47,
  47,
  47,
  47,
  47,
  47,
  47,
  47,
  47,
  47,
  47,
  47,
  47,
  48,
  48,
  48,
  48,
  48,
  48,
  48,
  48,
  48,
  48,
  48,
  48,
  48,
  48,
  48,
  48,
  48,
  48,
  48,
  48,
  48,
  48,
  48,
  48,
  48,
  48,
  48,
  48,
  48,
  48,
  48,
  48,
  48,
  48,
  48,
  48,
  48,
  48,
  48,
  48,
  48,
  48,
  48,
  48,
  48,
  48,
  48,
  48,
  48,
  48,
  48,
  48,
  48,
  48,
  48,
  48,
  48,
  48,
  48,
  48,
  48,
  48,
  48,
  48,
  48,
  48,
  48,
  48,
  48,
  48,
  48,
  48,
  48,
  48,
  48,
  48,
  48,
  48,
  48,
  48,
  48,
  48,
  48,
  48,
  48,
  48,
  48,
  48,
  48,
  48,
  48,
  48,
  48,
  48,
  48,
  48,
  48,
  48,
  48,
  48,
  48,
  48,
  48,
  48,
  48,
  48,
  48,
  48,
  48,
  48,
  48,
  48,
  48,
  48,
  48,
  48,
  48,
  48,
  48,
  48,
  48,
  48,
  48,
  48,
  48,
  48,
  48,
  48,
  48,
  47,
  47,
  23,
  51,
  51,
  51,
  51,
  51,
  51,
  51,
  51,
  51,
  51,
  51,
  51,
  51,
  51,
  51,
  51,
  51,
  51,
  51,
  51,
  51,
  51,
  51,
  51,
  51,
  51,
  51,
  51,
  51,
  51,
  51,
  51,
  51,
  51,
  51,
  51,
  51,
  51,
  51,
  51,
  51,
  51,
  51,
  51,
  51,
  51,
  51,
  51,
  51,
  51,
  51,
  51,
  51,
  51,
  51,
  51,
  51,
  51,
  51,
  51,
  51,
  51,
  51,
  51,
  51,
  51,
  51,
  51,
  51,
  51,
  51,
  51,
  51,
  51,
  51,
  51,
  51,
  51,
  52,
  52,
  52,
  52,
  52,
  52,
  52,
  52,
  52,
  52,
  52,
  52,
  52,
  52,
  52,
  52,
  52,
  52,
  52,
  52,
  52,
  52,
  52,
  52,
  52,
  52,
  52,
  52,
  52,
  52,
  52,
  52,
  52,
  52,
  52,
  52,
  52,
  52,
  52,
  52,
  52,
  52,
  52,
  52,
  53,
  53,
  53,
  53,
  53,
  53,
  53,
  53,
  53,
  53,
  53,
  53,
  53,
  53,
  53,
  53,
  53,
  53,
  53,
  53,
  53,
  53,
  53,
  53,
  53,
  53,
  53,
  53,
  53,
  53,
  53,
  53,
  53,
  53,
  53,
  53,
  53,
  53,
  53,
  53,
  53,
  53,
  53,
  53,
  53,
  53,
  53,
  53,
  53,
  53,
  53,
  53,
  53,
  53,
  53,
  53,
  53,
  53,
  53,
  53,
  53,
  53,
  53,
  53,
  53,
  53,
  53,
  53,
  53,
  53,
  53,
  53,
  53,
  53,
  53,
  53,
  53,
  53,
  53,
  53,
  53,
  53,
  53,
  53,
  53,
  53,
  53,
  53,
  53,
  53,
  53,
  53,
  53,
  53,
  53,
  53,
  53,
  53,
  53,
  53,
  53,
  53,
  53,
  53,
  53,
  53,
  53,
  53,
  53,
  53,
  53,
  53,
  53,
  53,
  53,
  53,
  53,
  53,
  53,
  53,
  53,
  53,
  53,
  53,
  53,
  53,
  53,
  53,
  53,
  53,
  53,
  53,
  53,
  53,
  53,
  53,
  53,
  53,
  53,
  53,
  53,
  53,
  53,
  53,
  53,
  53,
  53,
  53,
  53,
  53,
  53,
  53,
  53,
  53,
  53,
  53,
  53,
  53,
  53,
  53,
  53,
  53,
  53,
  53,
  53,
  53,
  53,
  53,
  53,
  53,
  53,
  53,
  53,
  53,
  53,
  53,
  53,
  53,
  53,
  53,
  53,
  53,
  53,
  53,
  53,
  53,
  53,
  53,
  53,
  53,
  53,
  53,
  53,
  53,
  53,
  53,
  53,
  53,
  53,
  53,
  53,
  53,
  53,
  53,
  53,
  53,
  53,
  53,
  53,
  53,
  53,
  53,
  53,
  53,
  53,
  53,
  53,
  53,
  53,
  53,
  53,
  53,
  53,
  53,
  53,
  53,
  53,
  53,
  53,
  53,
  53,
  53,
  53,
  53,
  53,
  53,
  53,
  53,
  53,
  53,
  53,
  53,
  53,
  53,
  53,
  53,
  53,
  53,
  53,
  53,
  53,
  53,
  53,
  53,
  53,
  54,
  54,
  54,
  54,
  54,
  54,
  54,
  54,
  54,
  54,
  54,
  54,
  54,
  54,
  54,
  54,
  54,
  54,
  54,
  54,
  54,
  54,
  54,
  54,
  54,
  54,
  54,
  54,
  54,
  54,
  54,
  54,
  54,
  54,
  54,
  54,
  54,
  54,
  54,
  54,
  54,
  54,
  54,
  54,
  54,
  54,
  54,
  54,
  54,
  54,
  54,
  54,
  54,
  54,
  54,
  54,
  54,
  54,
  54,
  54,
  54,
  54,
  54,
  54,
  54,
  54,
  54,
  54,
  54,
  54,
  54,
  54,
  54,
  54,
  54,
  54,
  54,
  54,
  54,
  54,
  54,
  54,
  54,
  54,
  54,
  54,
  54,
  54,
  54,
  54,
  54,
  54,
  54,
  54,
  54,
  54,
  54,
  54,
  54,
  54,
  54,
  54,
  54,
  54,
  54,
  54,
  54,
  54,
  54,
  54,
  54,
  54,
  54,
  54,
  54,
  54,
  54,
  54,
  54,
  54,
  54,
  54,
  54,
  54,
  54,
  54,
  54,
  54,
  54,
  54,
  54,
  54,
  54,
  54,
  54,
  54,
  54,
  54,
  54,
  54,
  54,
  54,
  54,
  54,
  54,
  54,
  54,
  54,
  54,
  54,
  54,
  54,
  54,
  54,
  54,
  54,
  54,
  54,
  54,
  54,
  54,
  54,
  54,
  54,
  54,
  54,
  54,
  54,
  54,
  54,
  54,
  54,
  54,
  54,
  54,
  54,
  54,
  54,
  54,
  54,
  54,
  54,
  54,
  54,
  54,
  54,
  54,
  54,
  54,
  54,
  54,
  54,
  54,
  54,
  54,
  54,
  54,
  54,
  54,
  54,
  54,
  54,
  54,
  54,
  54,
  54,
  54,
  54,
  54,
  54,
  54,
  54,
  54,
  54,
  54,
  54,
  54,
  54,
  54,
  54,
  54,
  54,
  54,
  54,
  54,
  54,
  54,
  54,
  54,
  54,
  54,
  54,
  54,
  54,
  54,
  54,
  54,
  54,
  54,
  54,
  54,
  54,
  54,
  54,
  54,
  54,
  54,
  54,
  54,
  54,
  54,
  54,
  54,
  54,
  54,
  54,
  54,
  54,
  54,
  54,
  54,
  54,
  54,
  54,
  54,
  54,
  54,
  54,
  54,
  54,
  54,
  54,
  54,
  54,
  54,
  54,
  54,
  54,
  54,
  54,
  54,
  54,
  54,
  54,
  54,
  54,
  54,
  54,
  54,
  54,
  54,
  54,
  54,
  54,
  54,
  54,
  54,
  54,
  54,
  54,
  54,
  54,
  54,
  54,
  54,
  54,
  54,
  54,
  54,
  54,
  54,
  54,
  54,
  54,
  54,
  54,
  54,
  54,
  54,
  54,
  54,
  54,
  54,
  54,
  54,
  54,
  54,
  54,
  54,
  54,
  54,
  54,
  54,
  54,
  54,
  54,
  54,
  54,
  54,
  54,
  54,
  54,
  54,
  54,
  54,
  54,
  54,
  54,
  54,
  54,
  54,
  54,
  54,
  54,
  54,
  54,
  54,
  54,
  54,
  54,
  54,
  54,
  54,
  54,
  54,
  54,
  54,
  54,
  54,
  54,
  54,
  54,
  54,
  54,
  54,
  54,
  54,
  54,
  54,
  54,
  54,
  54,
  54,
  54,
  54,
  54,
  54,
  54,
  54,
  54,
  54,
  54,
  54,
  54,
  54,
  54,
  54,
  54,
  54,
  54,
  54,
  54,
  54,
  54,
  54,
  54,
  54,
  54,
  54,
  54,
  54,
  54,
  54,
  54,
  54,
  54,
  54,
  54,
  54,
  54,
  54,
  54,
  54,
  54,
  54,
  54,
  53,
  52,
  52,
  51,
  51,
  23,
  23,
  0,
]
`;
